(program 1.0.0
  {
    (abs
      unit_i0
      (type)
      [
        (lam lazyVal_i0 (fun unit_i2 (con integer)) lazyVal_i1)
        (lam x_i0 unit_i2 (con 3))
      ]
    )
    (all a_i0 (type) (fun a_i1 a_i1))
  }
)